C51 COMPILER V9.59.0.0   BEEP                                                              07/02/2024 17:02:15 PAGE 1   


C51 COMPILER V9.59.0.0, COMPILATION OF MODULE BEEP
OBJECT MODULE PLACED IN .\output\beep.obj
COMPILER INVOKED BY: C:\Users\86157\Desktop\qianrushi\keil\C51\BIN\C51.EXE drive\beep.c OPTIMIZE(8,SPEED) BROWSE INCDIR(
                    -.\app;.\drive) DEBUG OBJECTEXTEND PRINT(.\output\beep.lst) TABS(2) OBJECT(.\output\beep.obj)

line level    source

   1          #include <beep.h>
   2          
   3          sbit beep=P2^3;
   4          u16 code CT[]={0,
   5          262,294,330,349,392,440,494,
   6          523,587,659,698,784,880,988,
   7          1046,1175,1318,1397,1568,1760,1976
   8          };//°∞ґя°Ґ»р°Ґяд°ҐЈҐ°Ґа¬°Ґј≤°Ґќч°±µЌ°Ґ÷–°ҐЄя“фґ‘”¶µƒ7Єц“фµчґ‘”¶µƒЈљ≤®µƒ—” ± ±Љд°£
   9          //µЌ“ф∆µ¬ ґ‘”¶ э„йѕ¬±кќ™1-7
  10          //÷–“ф∆µ¬ ґ‘”¶ э„йѕ¬±кќ™(1-7)+7
  11          //Єя“ф∆µ¬ ґ‘”¶ э„йѕ¬±кќ™(1-7)+14
  12          
  13          u8 code Music1TONE[]={1+7,2+7,3+7,1+7,1+7,2+7,3+7,1+7,3+7,4+7,5+7,3+7,4+7,5+7,5+7,6+7,5+7,4+7,3+7,1+7,5+7,
             -6+7,5+7,4+7,3+7,1+7,3+7,5,1+7,3+7,5,1+7};//Єи«ъ°∞Ѕљ÷їјѕїҐ°±µƒ“фµч
  14          u8 code Music1Meter[]={2,2,2,2,2,2,2,2,2,2,4,2,2,4,1,1,1,1,2,2,1,1,1,1,2,2,2,2,4,2,2,4};//Єи«ъ°∞Ѕљ÷їјѕїҐ°±
             -µƒљЏ≈ƒ
  15          u8 code Music1Len=32;
  16          u8 code Music2TONE[]={5,5,6,5,1+7,7,5,5,6,5,2+7,1+7,5,5,5+7,3+7,1+7,7,6,4+7,4+7,3+7,1+7,2+7,1+7};//Єи«ъ°∞„
             -£ƒг…ъ»’њмј÷°±µƒ“фµч
  17          u8 code Music2Meter[]={2,1,3,3,3,4,2,1,3,3,3,4,2,1,3,3,3,3,3,2,1,3,3,3,4};//Єи«ъ°∞„£ƒг…ъ»’њмј÷°±µƒљЏ≈ƒ
  18          u8 code Music2Len=25;
  19          
  20          void beep_on(u16 n,u16 f)//Јд√щ∆чѕм£Ї∆µ¬ f£ђµ•ќїHz£ї…щ“ф≥÷–ш ±≥§n£ђµ•ќїЇЅ√л
  21          {
  22   1        u16 t,i,c;
  23   1        //ЄщЊЁ∆µ¬ Љ∆Ћг“їЄц¬ц≥е÷№∆ЏƒЏµз∆љ≥÷–ш ±Љд(ќҐ√о)£ђt=1000000/(2*f)/10£ђЉћ–ш≥э10 «“тќ™ќҐ√л—” ±Їѓ э «10±ґxќҐ√о
  24   1        t=50000/f;
  25   1        //ЄщЊЁ…щ“ф≥÷–ш ±≥§£ђЉ∆Ћг¬ц≥е÷№∆Џ÷ЎЄііќ э£ђc=f*n/1000
  26   1        c=(u32)f*n/1000;  //“тќ™f*nїб≥ђєэu16±н ЊЈґќІ£ђЋщ“‘–и“™љш––«њ÷∆ја–Ќ„™її£ђЈј÷є≥цѕ÷“з≥ц
  27   1      
  28   1        for(i=0;i<c;i++)//—≠їЈcіќ£ђ є…щ“ф≥÷–шnЇЅ√л
  29   1        {
  30   2          beep=1;  // д≥цЄяµз∆љ
  31   2          delay_10xus(t);  //—” ±10*tќҐ√о
  32   2          beep=0;  // д≥цµЌµз∆љ
  33   2          delay_10xus(t);  //—” ±10*tќҐ√о
  34   2        }
  35   1      }
  36          
  37          void alarm()//Јд√щ∆чЈҐ≥ц2÷÷≤їЌђ∆µ¬ µƒ…щ“ф£ђЉі£Ї±®Њѓ…щ
  38          {
  39   1        beep_on(500,500);//Јд√щ∆чѕм£Ї∆µ¬ 500Hz£ђ≥÷–ш500ЇЅ√л   
  40   1        beep_on(500,1000);//Јд√щ∆чѕм£Ї∆µ¬ 1000Hz£ђ≥÷–ш500ЇЅ√л 
  41   1      }
  42          
  43          void playmusic(u8 *Meter,u8 *TONE,u8 n)//≤•Ј≈Єи«ъ£ђ*Meter÷ЄѕтЄи«ъµƒљЏ≈ƒ э„й£ђ*TONE÷ЄѕтЄи«ъµƒ“фµч э„й£ђnќ™Є
             -и«ъ÷–“фµчµƒЄц э
  44          {
  45   1          u8 i;
  46   1          for(i=0;i<n;i++)//Єи«ъ”–nЄц“ф
  47   1              beep_on(Meter[i]*250,CT[TONE[i]]);//Јд√щ∆ч“јіќ≤•Ј≈ґ‘”¶µƒ“фµч£ђ≥÷–ш ±≥§ќ™ґ‘”¶µƒљЏ≈ƒ£ђ’вјп»°1≈ƒќ™250
             -ЇЅ√л
  48   1      }

C51 COMPILER V9.59.0.0   BEEP                                                              07/02/2024 17:02:15 PAGE 2   


MODULE INFORMATION:   STATIC OVERLAYABLE
   CODE SIZE        =    203    ----
   CONSTANT SIZE    =    160    ----
   XDATA SIZE       =   ----    ----
   PDATA SIZE       =   ----    ----
   DATA SIZE        =   ----      18
   IDATA SIZE       =   ----    ----
   BIT SIZE         =   ----    ----
END OF MODULE INFORMATION.


C51 COMPILATION COMPLETE.  0 WARNING(S),  0 ERROR(S)
