C51 COMPILER V9.60.0.0   SUPERSONIC                                                        05/24/2024 14:08:24 PAGE 1   


C51 COMPILER V9.60.0.0, COMPILATION OF MODULE SUPERSONIC
OBJECT MODULE PLACED IN .\output\supersonic.obj
COMPILER INVOKED BY: E:\danpianji\Keil 5\C51\BIN\C51.EXE app\supersonic.c OPTIMIZE(8,SPEED) BROWSE INCDIR(.\app) DEBUG O
                    -BJECTEXTEND PRINT(.\supersonic.lst) TABS(2) OBJECT(.\output\supersonic.obj)

line level    source

   1          //测距前需要对定时器T1进行初始化timer1_init()，用于对ECHO进行计时
   2          #include "supersonic.h"
   3          
   4          u8 Measure_Distance()//超声波测距，返回距离值，单位cm  
   5          {
   6   1        u16 n=0; //距离变量
   7   1      
   8   1      //Trig引脚发送高电平，触发8个40KHz方波驱动探头，发送超声波 
   9   1        TRIG = 0;
  10   1        TRIG = 1;
  11   1        delay_us(20);//高电平不少于10us
  12   1        TRIG = 0; 
  13   1      //等待回声  
  14   1        while(ECHO==0);  
  15   1      //统计间隔时间    
  16   1        TR1 = 1;  
  17   1        while(ECHO==1&&TF1==0); //等待接收引脚Echo为低电平
  18   1        TR1 = 0;//接收到回声后，停止定时
  19   1      //计算距离  
  20   1        if(TF1==1)//TF1=1，超出测量范围
  21   1        {
  22   2          TF1=0;//清除定时器0中断标记
  23   2          n=255;
  24   2        }
  25   1        else//Echo=0，测距正常
  26   1        {
  27   2          n=TH1*256+TL1;
  28   2          n=n/59;//计算距离(单位为CM)：n*1us/1000000s*340m/2*100cm，即n*0.017，等价于n/58.8...
  29   2          TL1 = 0x00;//重置定时器1初值
  30   2          TH1 = 0x00;
  31   2        }
  32   1      
  33   1        return n; 
  34   1      }


MODULE INFORMATION:   STATIC OVERLAYABLE
   CODE SIZE        =     78    ----
   CONSTANT SIZE    =   ----    ----
   XDATA SIZE       =   ----    ----
   PDATA SIZE       =   ----    ----
   DATA SIZE        =   ----       2
   IDATA SIZE       =   ----    ----
   BIT SIZE         =   ----    ----
END OF MODULE INFORMATION.


C51 COMPILATION COMPLETE.  0 WARNING(S),  0 ERROR(S)
