C51 COMPILER V9.60.0.0   UART                                                              04/23/2024 16:34:12 PAGE 1   


C51 COMPILER V9.60.0.0, COMPILATION OF MODULE UART
OBJECT MODULE PLACED IN .\output\uart.obj
COMPILER INVOKED BY: C:\Keil_v5\C51\BIN\C51.EXE app\uart.c OPTIMIZE(8,SPEED) BROWSE INCDIR(.\app) DEBUG OBJECTEXTEND PRI
                    -NT(.\uart.lst) TABS(2) OBJECT(.\output\uart.obj)

line level    source

   1          #include "uart.h"
   2          
   3          void uart_init()//4800bps@12MHz，选择定时器1为波特率发生器
   4          {
   5   1        SCON&=0x0f;
   6   1        SCON|=0x50;//双机通信，工作方式1：8位异步收发、波特率可变，允许接收数据
   7   1        PCON |= 0x80;   //使能波特率倍速位SMOD
   8   1        TMOD &= 0x0F;   //清除定时器1模式位
   9   1        TMOD |= 0x20;   //设定定时器1为8位自动重装方式
  10   1        TL1 = 0xF3;   //设定定时初值
  11   1        TH1 = 0xF3;   //设定定时器重装值
  12   1        ET1 = 0;    //禁止定时器1中断
  13   1        TR1 = 1;    //启动定时器1
  14   1        TI=0;//软件清零，表示未发送完成
  15   1        ES = 1;//允许串口中断
  16   1        EA = 1;//开中断
  17   1      }
  18          void uart_sendstr(u8 *str)//输出字符串到串口
  19          {
  20   1        ES=0;//关串口中断
  21   1        TI=1;//置位发送中断标记，启动发送
  22   1        printf("%s\n",str);//发送
  23   1        while(!TI);//等待发送完成
  24   1        TI=0;//发送结束，清除发送中断标记
  25   1        ES=1;//开串口中断
  26   1      }


MODULE INFORMATION:   STATIC OVERLAYABLE
   CODE SIZE        =     65    ----
   CONSTANT SIZE    =      4    ----
   XDATA SIZE       =   ----    ----
   PDATA SIZE       =   ----    ----
   DATA SIZE        =   ----       3
   IDATA SIZE       =   ----    ----
   BIT SIZE         =   ----    ----
END OF MODULE INFORMATION.


C51 COMPILATION COMPLETE.  0 WARNING(S),  0 ERROR(S)
